Analysis & Synthesis report for top1
Wed Jun 12 02:12:42 2024
Quartus Prime Version 17.1.0 Build 590 10/25/2017 SJ Lite Edition


---------------------
; Table of Contents ;
---------------------
  1. Legal Notice
  2. Analysis & Synthesis Summary
  3. Analysis & Synthesis Settings
  4. Parallel Compilation
  5. Analysis & Synthesis IP Cores Summary
  6. Analysis & Synthesis Messages
  7. Analysis & Synthesis Suppressed Messages



----------------
; Legal Notice ;
----------------
Copyright (C) 2017  Intel Corporation. All rights reserved.
Your use of Intel Corporation's design tools, logic functions 
and other software and tools, and its AMPP partner logic 
functions, and any output files from any of the foregoing 
(including device programming or simulation files), and any 
associated documentation or information are expressly subject 
to the terms and conditions of the Intel Program License 
Subscription Agreement, the Intel Quartus Prime License Agreement,
the Intel FPGA IP License Agreement, or other applicable license
agreement, including, without limitation, that your use is for
the sole purpose of programming logic devices manufactured by
Intel and sold by Intel or its authorized distributors.  Please
refer to the applicable agreement for further details.



+---------------------------------------------------------------------------+
; Analysis & Synthesis Summary                                              ;
+-----------------------------+---------------------------------------------+
; Analysis & Synthesis Status ; Failed - Wed Jun 12 02:12:42 2024           ;
; Quartus Prime Version       ; 17.1.0 Build 590 10/25/2017 SJ Lite Edition ;
; Revision Name               ; top1                                        ;
; Top-level Entity Name       ; top1                                        ;
; Family                      ; Cyclone V                                   ;
; Logic utilization (in ALMs) ; N/A until Partition Merge                   ;
; Total registers             ; N/A until Partition Merge                   ;
; Total pins                  ; N/A until Partition Merge                   ;
; Total virtual pins          ; N/A until Partition Merge                   ;
; Total block memory bits     ; N/A until Partition Merge                   ;
; Total PLLs                  ; N/A until Partition Merge                   ;
; Total DLLs                  ; N/A until Partition Merge                   ;
+-----------------------------+---------------------------------------------+


+---------------------------------------------------------------------------------------------------------------------------+
; Analysis & Synthesis Settings                                                                                             ;
+---------------------------------------------------------------------------------+--------------------+--------------------+
; Option                                                                          ; Setting            ; Default Value      ;
+---------------------------------------------------------------------------------+--------------------+--------------------+
; Device                                                                          ; 5CSEMA5F31C6       ;                    ;
; Top-level entity name                                                           ; top1               ; top1               ;
; Family name                                                                     ; Cyclone V          ; Cyclone V          ;
; Use smart compilation                                                           ; Off                ; Off                ;
; Enable parallel Assembler and TimeQuest Timing Analyzer during compilation      ; On                 ; On                 ;
; Enable compact report table                                                     ; Off                ; Off                ;
; Restructure Multiplexers                                                        ; Auto               ; Auto               ;
; MLAB Add Timing Constraints For Mixed-Port Feed-Through Mode Setting Don't Care ; Off                ; Off                ;
; Create Debugging Nodes for IP Cores                                             ; Off                ; Off                ;
; Preserve fewer node names                                                       ; On                 ; On                 ;
; Intel FPGA IP Evaluation Mode                                                   ; Enable             ; Enable             ;
; Verilog Version                                                                 ; Verilog_2001       ; Verilog_2001       ;
; VHDL Version                                                                    ; VHDL_1993          ; VHDL_1993          ;
; State Machine Processing                                                        ; Auto               ; Auto               ;
; Safe State Machine                                                              ; Off                ; Off                ;
; Extract Verilog State Machines                                                  ; On                 ; On                 ;
; Extract VHDL State Machines                                                     ; On                 ; On                 ;
; Ignore Verilog initial constructs                                               ; Off                ; Off                ;
; Iteration limit for constant Verilog loops                                      ; 5000               ; 5000               ;
; Iteration limit for non-constant Verilog loops                                  ; 250                ; 250                ;
; Add Pass-Through Logic to Inferred RAMs                                         ; On                 ; On                 ;
; Infer RAMs from Raw Logic                                                       ; On                 ; On                 ;
; Parallel Synthesis                                                              ; On                 ; On                 ;
; DSP Block Balancing                                                             ; Auto               ; Auto               ;
; NOT Gate Push-Back                                                              ; On                 ; On                 ;
; Power-Up Don't Care                                                             ; On                 ; On                 ;
; Remove Redundant Logic Cells                                                    ; Off                ; Off                ;
; Remove Duplicate Registers                                                      ; On                 ; On                 ;
; Ignore CARRY Buffers                                                            ; Off                ; Off                ;
; Ignore CASCADE Buffers                                                          ; Off                ; Off                ;
; Ignore GLOBAL Buffers                                                           ; Off                ; Off                ;
; Ignore ROW GLOBAL Buffers                                                       ; Off                ; Off                ;
; Ignore LCELL Buffers                                                            ; Off                ; Off                ;
; Ignore SOFT Buffers                                                             ; On                 ; On                 ;
; Limit AHDL Integers to 32 Bits                                                  ; Off                ; Off                ;
; Optimization Technique                                                          ; Balanced           ; Balanced           ;
; Carry Chain Length                                                              ; 70                 ; 70                 ;
; Auto Carry Chains                                                               ; On                 ; On                 ;
; Auto Open-Drain Pins                                                            ; On                 ; On                 ;
; Perform WYSIWYG Primitive Resynthesis                                           ; Off                ; Off                ;
; Auto ROM Replacement                                                            ; On                 ; On                 ;
; Auto RAM Replacement                                                            ; On                 ; On                 ;
; Auto DSP Block Replacement                                                      ; On                 ; On                 ;
; Auto Shift Register Replacement                                                 ; Auto               ; Auto               ;
; Allow Shift Register Merging across Hierarchies                                 ; Auto               ; Auto               ;
; Auto Clock Enable Replacement                                                   ; On                 ; On                 ;
; Strict RAM Replacement                                                          ; Off                ; Off                ;
; Allow Synchronous Control Signals                                               ; On                 ; On                 ;
; Force Use of Synchronous Clear Signals                                          ; Off                ; Off                ;
; Auto Resource Sharing                                                           ; Off                ; Off                ;
; Allow Any RAM Size For Recognition                                              ; Off                ; Off                ;
; Allow Any ROM Size For Recognition                                              ; Off                ; Off                ;
; Allow Any Shift Register Size For Recognition                                   ; Off                ; Off                ;
; Use LogicLock Constraints during Resource Balancing                             ; On                 ; On                 ;
; Ignore translate_off and synthesis_off directives                               ; Off                ; Off                ;
; Timing-Driven Synthesis                                                         ; On                 ; On                 ;
; Report Parameter Settings                                                       ; On                 ; On                 ;
; Report Source Assignments                                                       ; On                 ; On                 ;
; Report Connectivity Checks                                                      ; On                 ; On                 ;
; Ignore Maximum Fan-Out Assignments                                              ; Off                ; Off                ;
; Synchronization Register Chain Length                                           ; 3                  ; 3                  ;
; Power Optimization During Synthesis                                             ; Normal compilation ; Normal compilation ;
; HDL message level                                                               ; Level2             ; Level2             ;
; Suppress Register Optimization Related Messages                                 ; Off                ; Off                ;
; Number of Removed Registers Reported in Synthesis Report                        ; 5000               ; 5000               ;
; Number of Swept Nodes Reported in Synthesis Report                              ; 5000               ; 5000               ;
; Number of Inverted Registers Reported in Synthesis Report                       ; 100                ; 100                ;
; Clock MUX Protection                                                            ; On                 ; On                 ;
; Auto Gated Clock Conversion                                                     ; Off                ; Off                ;
; Block Design Naming                                                             ; Auto               ; Auto               ;
; SDC constraint protection                                                       ; Off                ; Off                ;
; Synthesis Effort                                                                ; Auto               ; Auto               ;
; Shift Register Replacement - Allow Asynchronous Clear Signal                    ; On                 ; On                 ;
; Pre-Mapping Resynthesis Optimization                                            ; Off                ; Off                ;
; Analysis & Synthesis Message Level                                              ; Medium             ; Medium             ;
; Disable Register Merging Across Hierarchies                                     ; Auto               ; Auto               ;
; Resource Aware Inference For Block RAM                                          ; On                 ; On                 ;
; Automatic Parallel Synthesis                                                    ; On                 ; On                 ;
; Partial Reconfiguration Bitstream ID                                            ; Off                ; Off                ;
+---------------------------------------------------------------------------------+--------------------+--------------------+


+------------------------------------------+
; Parallel Compilation                     ;
+----------------------------+-------------+
; Processors                 ; Number      ;
+----------------------------+-------------+
; Number detected on machine ; 20          ;
; Maximum allowed            ; 12          ;
;                            ;             ;
; Average used               ; 1.00        ;
; Maximum used               ; 1           ;
;                            ;             ;
; Usage by Processor         ; % Time Used ;
;     Processor 1            ; 100.0%      ;
+----------------------------+-------------+


+--------------------------------------------------------------------------------------------------------------------------+
; Analysis & Synthesis IP Cores Summary                                                                                    ;
+--------+--------------+---------+--------------+--------------+----------------------------------------+-----------------+
; Vendor ; IP Core Name ; Version ; Release Date ; License Type ; Entity Instance                        ; IP Include File ;
+--------+--------------+---------+--------------+--------------+----------------------------------------+-----------------+
; Altera ; altera_pll   ; 17.1    ; N/A          ; N/A          ; |top1|PLL:clk_24                       ; PLL.v           ;
; Altera ; RAM: 2-PORT  ; 17.1    ; N/A          ; N/A          ; |top1|framebuffer:framebuffer|ram2:mem ; ram2.v          ;
; Altera ; altera_pll   ; 17.1    ; N/A          ; N/A          ; |top1|pll_vga:pll_vga_inst             ; pll_vga.v       ;
+--------+--------------+---------+--------------+--------------+----------------------------------------+-----------------+


+-------------------------------+
; Analysis & Synthesis Messages ;
+-------------------------------+
Info: *******************************************************************
Info: Running Quartus Prime Analysis & Synthesis
    Info: Version 17.1.0 Build 590 10/25/2017 SJ Lite Edition
    Info: Processing started: Wed Jun 12 02:12:37 2024
Info: Command: quartus_map --read_settings_files=on --write_settings_files=off top1 -c top1
Warning (18236): Number of processors has not been specified which may cause overloading on shared machines.  Set the global assignment NUM_PARALLEL_PROCESSORS in your QSF to an appropriate value for best performance.
Info (20030): Parallel compilation is enabled and will use 12 of the 12 processors detected
Info (12021): Found 1 design units, including 1 entities, in source file colorTracker.v
    Info (12023): Found entity 1: colorTracker File: /home/ec2022/ra260370/Documents/MC613/2024s1-mc613-projeto-seguimores-do-rodolfo/colorTracker.v Line: 1
Info (12021): Found 1 design units, including 1 entities, in source file suavizador.v
    Info (12023): Found entity 1: suavizador File: /home/ec2022/ra260370/Documents/MC613/2024s1-mc613-projeto-seguimores-do-rodolfo/suavizador.v Line: 1
Info (12021): Found 1 design units, including 1 entities, in source file detectorVerde.v
    Info (12023): Found entity 1: detectorVerde File: /home/ec2022/ra260370/Documents/MC613/2024s1-mc613-projeto-seguimores-do-rodolfo/detectorVerde.v Line: 1
Info (12021): Found 1 design units, including 1 entities, in source file vga.v
    Info (12023): Found entity 1: vga File: /home/ec2022/ra260370/Documents/MC613/2024s1-mc613-projeto-seguimores-do-rodolfo/vga.v Line: 1
Info (12021): Found 1 design units, including 1 entities, in source file top1.v
    Info (12023): Found entity 1: top1 File: /home/ec2022/ra260370/Documents/MC613/2024s1-mc613-projeto-seguimores-do-rodolfo/top1.v Line: 1
Info (12021): Found 1 design units, including 1 entities, in source file framebuffer.v
    Info (12023): Found entity 1: framebuffer File: /home/ec2022/ra260370/Documents/MC613/2024s1-mc613-projeto-seguimores-do-rodolfo/framebuffer.v Line: 1
Info (12021): Found 1 design units, including 1 entities, in source file camera.v
    Info (12023): Found entity 1: camera File: /home/ec2022/ra260370/Documents/MC613/2024s1-mc613-projeto-seguimores-do-rodolfo/camera.v Line: 1
Info (12021): Found 1 design units, including 1 entities, in source file ram2.v
    Info (12023): Found entity 1: ram2 File: /home/ec2022/ra260370/Documents/MC613/2024s1-mc613-projeto-seguimores-do-rodolfo/ram2.v Line: 39
Info (12021): Found 1 design units, including 1 entities, in source file PLL.v
    Info (12023): Found entity 1: PLL File: /home/ec2022/ra260370/Documents/MC613/2024s1-mc613-projeto-seguimores-do-rodolfo/PLL.v Line: 8
Info (12021): Found 1 design units, including 1 entities, in source file PLL/PLL_0002.v
    Info (12023): Found entity 1: PLL_0002 File: /home/ec2022/ra260370/Documents/MC613/2024s1-mc613-projeto-seguimores-do-rodolfo/PLL/PLL_0002.v Line: 2
Info (12021): Found 1 design units, including 1 entities, in source file pll_vga.v
    Info (12023): Found entity 1: pll_vga File: /home/ec2022/ra260370/Documents/MC613/2024s1-mc613-projeto-seguimores-do-rodolfo/pll_vga.v Line: 8
Info (12021): Found 1 design units, including 1 entities, in source file pll_vga/pll_vga_0002.v
    Info (12023): Found entity 1: pll_vga_0002 File: /home/ec2022/ra260370/Documents/MC613/2024s1-mc613-projeto-seguimores-do-rodolfo/pll_vga/pll_vga_0002.v Line: 2
Info (12127): Elaborating entity "top1" for the top level hierarchy
Info (12128): Elaborating entity "PLL" for hierarchy "PLL:clk_24" File: /home/ec2022/ra260370/Documents/MC613/2024s1-mc613-projeto-seguimores-do-rodolfo/top1.v Line: 31
Info (12128): Elaborating entity "PLL_0002" for hierarchy "PLL:clk_24|PLL_0002:pll_inst" File: /home/ec2022/ra260370/Documents/MC613/2024s1-mc613-projeto-seguimores-do-rodolfo/PLL.v Line: 19
Info (12128): Elaborating entity "altera_pll" for hierarchy "PLL:clk_24|PLL_0002:pll_inst|altera_pll:altera_pll_i" File: /home/ec2022/ra260370/Documents/MC613/2024s1-mc613-projeto-seguimores-do-rodolfo/PLL/PLL_0002.v Line: 85
Info (10008): Verilog HDL or VHDL information: EDA Netlist Writer cannot regroup multidimensional array "wire_to_nowhere_64" into its bus
Info (12130): Elaborated megafunction instantiation "PLL:clk_24|PLL_0002:pll_inst|altera_pll:altera_pll_i" File: /home/ec2022/ra260370/Documents/MC613/2024s1-mc613-projeto-seguimores-do-rodolfo/PLL/PLL_0002.v Line: 85
Info (12133): Instantiated megafunction "PLL:clk_24|PLL_0002:pll_inst|altera_pll:altera_pll_i" with the following parameter: File: /home/ec2022/ra260370/Documents/MC613/2024s1-mc613-projeto-seguimores-do-rodolfo/PLL/PLL_0002.v Line: 85
    Info (12134): Parameter "fractional_vco_multiplier" = "false"
    Info (12134): Parameter "reference_clock_frequency" = "50.0 MHz"
    Info (12134): Parameter "operation_mode" = "direct"
    Info (12134): Parameter "number_of_clocks" = "1"
    Info (12134): Parameter "output_clock_frequency0" = "24.000000 MHz"
    Info (12134): Parameter "phase_shift0" = "0 ps"
    Info (12134): Parameter "duty_cycle0" = "50"
    Info (12134): Parameter "output_clock_frequency1" = "0 MHz"
    Info (12134): Parameter "phase_shift1" = "0 ps"
    Info (12134): Parameter "duty_cycle1" = "50"
    Info (12134): Parameter "output_clock_frequency2" = "0 MHz"
    Info (12134): Parameter "phase_shift2" = "0 ps"
    Info (12134): Parameter "duty_cycle2" = "50"
    Info (12134): Parameter "output_clock_frequency3" = "0 MHz"
    Info (12134): Parameter "phase_shift3" = "0 ps"
    Info (12134): Parameter "duty_cycle3" = "50"
    Info (12134): Parameter "output_clock_frequency4" = "0 MHz"
    Info (12134): Parameter "phase_shift4" = "0 ps"
    Info (12134): Parameter "duty_cycle4" = "50"
    Info (12134): Parameter "output_clock_frequency5" = "0 MHz"
    Info (12134): Parameter "phase_shift5" = "0 ps"
    Info (12134): Parameter "duty_cycle5" = "50"
    Info (12134): Parameter "output_clock_frequency6" = "0 MHz"
    Info (12134): Parameter "phase_shift6" = "0 ps"
    Info (12134): Parameter "duty_cycle6" = "50"
    Info (12134): Parameter "output_clock_frequency7" = "0 MHz"
    Info (12134): Parameter "phase_shift7" = "0 ps"
    Info (12134): Parameter "duty_cycle7" = "50"
    Info (12134): Parameter "output_clock_frequency8" = "0 MHz"
    Info (12134): Parameter "phase_shift8" = "0 ps"
    Info (12134): Parameter "duty_cycle8" = "50"
    Info (12134): Parameter "output_clock_frequency9" = "0 MHz"
    Info (12134): Parameter "phase_shift9" = "0 ps"
    Info (12134): Parameter "duty_cycle9" = "50"
    Info (12134): Parameter "output_clock_frequency10" = "0 MHz"
    Info (12134): Parameter "phase_shift10" = "0 ps"
    Info (12134): Parameter "duty_cycle10" = "50"
    Info (12134): Parameter "output_clock_frequency11" = "0 MHz"
    Info (12134): Parameter "phase_shift11" = "0 ps"
    Info (12134): Parameter "duty_cycle11" = "50"
    Info (12134): Parameter "output_clock_frequency12" = "0 MHz"
    Info (12134): Parameter "phase_shift12" = "0 ps"
    Info (12134): Parameter "duty_cycle12" = "50"
    Info (12134): Parameter "output_clock_frequency13" = "0 MHz"
    Info (12134): Parameter "phase_shift13" = "0 ps"
    Info (12134): Parameter "duty_cycle13" = "50"
    Info (12134): Parameter "output_clock_frequency14" = "0 MHz"
    Info (12134): Parameter "phase_shift14" = "0 ps"
    Info (12134): Parameter "duty_cycle14" = "50"
    Info (12134): Parameter "output_clock_frequency15" = "0 MHz"
    Info (12134): Parameter "phase_shift15" = "0 ps"
    Info (12134): Parameter "duty_cycle15" = "50"
    Info (12134): Parameter "output_clock_frequency16" = "0 MHz"
    Info (12134): Parameter "phase_shift16" = "0 ps"
    Info (12134): Parameter "duty_cycle16" = "50"
    Info (12134): Parameter "output_clock_frequency17" = "0 MHz"
    Info (12134): Parameter "phase_shift17" = "0 ps"
    Info (12134): Parameter "duty_cycle17" = "50"
    Info (12134): Parameter "pll_type" = "General"
    Info (12134): Parameter "pll_subtype" = "General"
Info (12128): Elaborating entity "pll_vga" for hierarchy "pll_vga:pll_vga_inst" File: /home/ec2022/ra260370/Documents/MC613/2024s1-mc613-projeto-seguimores-do-rodolfo/top1.v Line: 37
Info (12128): Elaborating entity "pll_vga_0002" for hierarchy "pll_vga:pll_vga_inst|pll_vga_0002:pll_vga_inst" File: /home/ec2022/ra260370/Documents/MC613/2024s1-mc613-projeto-seguimores-do-rodolfo/pll_vga.v Line: 19
Info (12128): Elaborating entity "altera_pll" for hierarchy "pll_vga:pll_vga_inst|pll_vga_0002:pll_vga_inst|altera_pll:altera_pll_i" File: /home/ec2022/ra260370/Documents/MC613/2024s1-mc613-projeto-seguimores-do-rodolfo/pll_vga/pll_vga_0002.v Line: 85
Info (10008): Verilog HDL or VHDL information: EDA Netlist Writer cannot regroup multidimensional array "wire_to_nowhere_64" into its bus
Info (12130): Elaborated megafunction instantiation "pll_vga:pll_vga_inst|pll_vga_0002:pll_vga_inst|altera_pll:altera_pll_i" File: /home/ec2022/ra260370/Documents/MC613/2024s1-mc613-projeto-seguimores-do-rodolfo/pll_vga/pll_vga_0002.v Line: 85
Info (12133): Instantiated megafunction "pll_vga:pll_vga_inst|pll_vga_0002:pll_vga_inst|altera_pll:altera_pll_i" with the following parameter: File: /home/ec2022/ra260370/Documents/MC613/2024s1-mc613-projeto-seguimores-do-rodolfo/pll_vga/pll_vga_0002.v Line: 85
    Info (12134): Parameter "fractional_vco_multiplier" = "false"
    Info (12134): Parameter "reference_clock_frequency" = "50.0 MHz"
    Info (12134): Parameter "operation_mode" = "direct"
    Info (12134): Parameter "number_of_clocks" = "1"
    Info (12134): Parameter "output_clock_frequency0" = "25.175644 MHz"
    Info (12134): Parameter "phase_shift0" = "0 ps"
    Info (12134): Parameter "duty_cycle0" = "50"
    Info (12134): Parameter "output_clock_frequency1" = "0 MHz"
    Info (12134): Parameter "phase_shift1" = "0 ps"
    Info (12134): Parameter "duty_cycle1" = "50"
    Info (12134): Parameter "output_clock_frequency2" = "0 MHz"
    Info (12134): Parameter "phase_shift2" = "0 ps"
    Info (12134): Parameter "duty_cycle2" = "50"
    Info (12134): Parameter "output_clock_frequency3" = "0 MHz"
    Info (12134): Parameter "phase_shift3" = "0 ps"
    Info (12134): Parameter "duty_cycle3" = "50"
    Info (12134): Parameter "output_clock_frequency4" = "0 MHz"
    Info (12134): Parameter "phase_shift4" = "0 ps"
    Info (12134): Parameter "duty_cycle4" = "50"
    Info (12134): Parameter "output_clock_frequency5" = "0 MHz"
    Info (12134): Parameter "phase_shift5" = "0 ps"
    Info (12134): Parameter "duty_cycle5" = "50"
    Info (12134): Parameter "output_clock_frequency6" = "0 MHz"
    Info (12134): Parameter "phase_shift6" = "0 ps"
    Info (12134): Parameter "duty_cycle6" = "50"
    Info (12134): Parameter "output_clock_frequency7" = "0 MHz"
    Info (12134): Parameter "phase_shift7" = "0 ps"
    Info (12134): Parameter "duty_cycle7" = "50"
    Info (12134): Parameter "output_clock_frequency8" = "0 MHz"
    Info (12134): Parameter "phase_shift8" = "0 ps"
    Info (12134): Parameter "duty_cycle8" = "50"
    Info (12134): Parameter "output_clock_frequency9" = "0 MHz"
    Info (12134): Parameter "phase_shift9" = "0 ps"
    Info (12134): Parameter "duty_cycle9" = "50"
    Info (12134): Parameter "output_clock_frequency10" = "0 MHz"
    Info (12134): Parameter "phase_shift10" = "0 ps"
    Info (12134): Parameter "duty_cycle10" = "50"
    Info (12134): Parameter "output_clock_frequency11" = "0 MHz"
    Info (12134): Parameter "phase_shift11" = "0 ps"
    Info (12134): Parameter "duty_cycle11" = "50"
    Info (12134): Parameter "output_clock_frequency12" = "0 MHz"
    Info (12134): Parameter "phase_shift12" = "0 ps"
    Info (12134): Parameter "duty_cycle12" = "50"
    Info (12134): Parameter "output_clock_frequency13" = "0 MHz"
    Info (12134): Parameter "phase_shift13" = "0 ps"
    Info (12134): Parameter "duty_cycle13" = "50"
    Info (12134): Parameter "output_clock_frequency14" = "0 MHz"
    Info (12134): Parameter "phase_shift14" = "0 ps"
    Info (12134): Parameter "duty_cycle14" = "50"
    Info (12134): Parameter "output_clock_frequency15" = "0 MHz"
    Info (12134): Parameter "phase_shift15" = "0 ps"
    Info (12134): Parameter "duty_cycle15" = "50"
    Info (12134): Parameter "output_clock_frequency16" = "0 MHz"
    Info (12134): Parameter "phase_shift16" = "0 ps"
    Info (12134): Parameter "duty_cycle16" = "50"
    Info (12134): Parameter "output_clock_frequency17" = "0 MHz"
    Info (12134): Parameter "phase_shift17" = "0 ps"
    Info (12134): Parameter "duty_cycle17" = "50"
    Info (12134): Parameter "pll_type" = "General"
    Info (12134): Parameter "pll_subtype" = "General"
Info (12128): Elaborating entity "camera" for hierarchy "camera:camera" File: /home/ec2022/ra260370/Documents/MC613/2024s1-mc613-projeto-seguimores-do-rodolfo/top1.v Line: 141
Warning (10230): Verilog HDL assignment warning at camera.v(55): truncated value with size 32 to match size of target (2) File: /home/ec2022/ra260370/Documents/MC613/2024s1-mc613-projeto-seguimores-do-rodolfo/camera.v Line: 55
Warning (10230): Verilog HDL assignment warning at camera.v(60): truncated value with size 32 to match size of target (20) File: /home/ec2022/ra260370/Documents/MC613/2024s1-mc613-projeto-seguimores-do-rodolfo/camera.v Line: 60
Warning (10230): Verilog HDL assignment warning at camera.v(67): truncated value with size 32 to match size of target (20) File: /home/ec2022/ra260370/Documents/MC613/2024s1-mc613-projeto-seguimores-do-rodolfo/camera.v Line: 67
Info (12128): Elaborating entity "detectorVerde" for hierarchy "detectorVerde:dec" File: /home/ec2022/ra260370/Documents/MC613/2024s1-mc613-projeto-seguimores-do-rodolfo/top1.v Line: 155
Warning (10230): Verilog HDL assignment warning at detectorVerde.v(49): truncated value with size 32 to match size of target (16) File: /home/ec2022/ra260370/Documents/MC613/2024s1-mc613-projeto-seguimores-do-rodolfo/detectorVerde.v Line: 49
Warning (10230): Verilog HDL assignment warning at detectorVerde.v(50): truncated value with size 32 to match size of target (16) File: /home/ec2022/ra260370/Documents/MC613/2024s1-mc613-projeto-seguimores-do-rodolfo/detectorVerde.v Line: 50
Warning (10230): Verilog HDL assignment warning at detectorVerde.v(53): truncated value with size 32 to match size of target (16) File: /home/ec2022/ra260370/Documents/MC613/2024s1-mc613-projeto-seguimores-do-rodolfo/detectorVerde.v Line: 53
Warning (10230): Verilog HDL assignment warning at detectorVerde.v(55): truncated value with size 32 to match size of target (16) File: /home/ec2022/ra260370/Documents/MC613/2024s1-mc613-projeto-seguimores-do-rodolfo/detectorVerde.v Line: 55
Warning (10230): Verilog HDL assignment warning at detectorVerde.v(57): truncated value with size 32 to match size of target (16) File: /home/ec2022/ra260370/Documents/MC613/2024s1-mc613-projeto-seguimores-do-rodolfo/detectorVerde.v Line: 57
Info (12128): Elaborating entity "colorTracker" for hierarchy "colorTracker:red_tracker" File: /home/ec2022/ra260370/Documents/MC613/2024s1-mc613-projeto-seguimores-do-rodolfo/top1.v Line: 201
Warning (10230): Verilog HDL assignment warning at colorTracker.v(41): truncated value with size 32 to match size of target (5) File: /home/ec2022/ra260370/Documents/MC613/2024s1-mc613-projeto-seguimores-do-rodolfo/colorTracker.v Line: 41
Warning (10230): Verilog HDL assignment warning at colorTracker.v(42): truncated value with size 32 to match size of target (16) File: /home/ec2022/ra260370/Documents/MC613/2024s1-mc613-projeto-seguimores-do-rodolfo/colorTracker.v Line: 42
Info (12128): Elaborating entity "framebuffer" for hierarchy "framebuffer:framebuffer" File: /home/ec2022/ra260370/Documents/MC613/2024s1-mc613-projeto-seguimores-do-rodolfo/top1.v Line: 253
Info (12128): Elaborating entity "ram2" for hierarchy "framebuffer:framebuffer|ram2:mem" File: /home/ec2022/ra260370/Documents/MC613/2024s1-mc613-projeto-seguimores-do-rodolfo/framebuffer.v Line: 22
Info (12128): Elaborating entity "altsyncram" for hierarchy "framebuffer:framebuffer|ram2:mem|altsyncram:altsyncram_component" File: /home/ec2022/ra260370/Documents/MC613/2024s1-mc613-projeto-seguimores-do-rodolfo/ram2.v Line: 90
Info (12130): Elaborated megafunction instantiation "framebuffer:framebuffer|ram2:mem|altsyncram:altsyncram_component" File: /home/ec2022/ra260370/Documents/MC613/2024s1-mc613-projeto-seguimores-do-rodolfo/ram2.v Line: 90
Info (12133): Instantiated megafunction "framebuffer:framebuffer|ram2:mem|altsyncram:altsyncram_component" with the following parameter: File: /home/ec2022/ra260370/Documents/MC613/2024s1-mc613-projeto-seguimores-do-rodolfo/ram2.v Line: 90
    Info (12134): Parameter "address_aclr_b" = "NONE"
    Info (12134): Parameter "address_reg_b" = "CLOCK1"
    Info (12134): Parameter "clock_enable_input_a" = "BYPASS"
    Info (12134): Parameter "clock_enable_input_b" = "BYPASS"
    Info (12134): Parameter "clock_enable_output_b" = "BYPASS"
    Info (12134): Parameter "intended_device_family" = "Cyclone V"
    Info (12134): Parameter "lpm_type" = "altsyncram"
    Info (12134): Parameter "numwords_a" = "307200"
    Info (12134): Parameter "numwords_b" = "307200"
    Info (12134): Parameter "operation_mode" = "DUAL_PORT"
    Info (12134): Parameter "outdata_aclr_b" = "NONE"
    Info (12134): Parameter "outdata_reg_b" = "CLOCK1"
    Info (12134): Parameter "power_up_uninitialized" = "FALSE"
    Info (12134): Parameter "widthad_a" = "19"
    Info (12134): Parameter "widthad_b" = "19"
    Info (12134): Parameter "width_a" = "8"
    Info (12134): Parameter "width_b" = "8"
    Info (12134): Parameter "width_byteena_a" = "1"
Info (12021): Found 1 design units, including 1 entities, in source file db/altsyncram_02q1.tdf
    Info (12023): Found entity 1: altsyncram_02q1 File: /home/ec2022/ra260370/Documents/MC613/2024s1-mc613-projeto-seguimores-do-rodolfo/db/altsyncram_02q1.tdf Line: 33
Info (12128): Elaborating entity "altsyncram_02q1" for hierarchy "framebuffer:framebuffer|ram2:mem|altsyncram:altsyncram_component|altsyncram_02q1:auto_generated" File: /opt/altera/17.1/quartus/libraries/megafunctions/altsyncram.tdf Line: 791
Info (12021): Found 1 design units, including 1 entities, in source file db/decode_3na.tdf
    Info (12023): Found entity 1: decode_3na File: /home/ec2022/ra260370/Documents/MC613/2024s1-mc613-projeto-seguimores-do-rodolfo/db/decode_3na.tdf Line: 22
Info (12128): Elaborating entity "decode_3na" for hierarchy "framebuffer:framebuffer|ram2:mem|altsyncram:altsyncram_component|altsyncram_02q1:auto_generated|decode_3na:decode2" File: /home/ec2022/ra260370/Documents/MC613/2024s1-mc613-projeto-seguimores-do-rodolfo/db/altsyncram_02q1.tdf Line: 46
Info (12021): Found 1 design units, including 1 entities, in source file db/decode_s2a.tdf
    Info (12023): Found entity 1: decode_s2a File: /home/ec2022/ra260370/Documents/MC613/2024s1-mc613-projeto-seguimores-do-rodolfo/db/decode_s2a.tdf Line: 22
Info (12128): Elaborating entity "decode_s2a" for hierarchy "framebuffer:framebuffer|ram2:mem|altsyncram:altsyncram_component|altsyncram_02q1:auto_generated|decode_s2a:rden_decode_b" File: /home/ec2022/ra260370/Documents/MC613/2024s1-mc613-projeto-seguimores-do-rodolfo/db/altsyncram_02q1.tdf Line: 47
Info (12021): Found 1 design units, including 1 entities, in source file db/mux_jhb.tdf
    Info (12023): Found entity 1: mux_jhb File: /home/ec2022/ra260370/Documents/MC613/2024s1-mc613-projeto-seguimores-do-rodolfo/db/mux_jhb.tdf Line: 22
Info (12128): Elaborating entity "mux_jhb" for hierarchy "framebuffer:framebuffer|ram2:mem|altsyncram:altsyncram_component|altsyncram_02q1:auto_generated|mux_jhb:mux3" File: /home/ec2022/ra260370/Documents/MC613/2024s1-mc613-projeto-seguimores-do-rodolfo/db/altsyncram_02q1.tdf Line: 49
Error (10170): Verilog HDL syntax error at drawShape.v(26) near text: "&&";  expecting an operand. Check for and fix any syntax errors that appear immediately before or at the specified keyword. The Intel FPGA Knowledge Database contains many articles with specific details on how to resolve this error. Visit the Knowledge Database at https://www.altera.com/support/support-resources/knowledge-base/search.html and search for this specific error message number. File: /home/ec2022/ra260370/Documents/MC613/2024s1-mc613-projeto-seguimores-do-rodolfo/drawShape.v Line: 26
Error (10112): Ignored design unit "drawShape" at drawShape.v(1) due to previous errors File: /home/ec2022/ra260370/Documents/MC613/2024s1-mc613-projeto-seguimores-do-rodolfo/drawShape.v Line: 1
Info (144001): Generated suppressed messages file /home/ec2022/ra260370/Documents/MC613/2024s1-mc613-projeto-seguimores-do-rodolfo/output_files/top1.map.smsg
Error: Quartus Prime Analysis & Synthesis was unsuccessful. 2 errors, 11 warnings
    Error: Peak virtual memory: 1224 megabytes
    Error: Processing ended: Wed Jun 12 02:12:42 2024
    Error: Elapsed time: 00:00:05
    Error: Total CPU time (on all processors): 00:00:14


+------------------------------------------+
; Analysis & Synthesis Suppressed Messages ;
+------------------------------------------+
The suppressed messages can be found in /home/ec2022/ra260370/Documents/MC613/2024s1-mc613-projeto-seguimores-do-rodolfo/output_files/top1.map.smsg.


